[caseA_0] seed 20260000 done (1/15) 58s
[caseA_0] seed 20260002 done (2/15) 115s
[caseA_0] seed 20260004 done (3/15) 172s
[caseA_0] seed 20260006 done (4/15) 229s
[caseA_0] seed 20260008 done (5/15) 286s
[caseA_0] seed 20260010 done (6/15) 343s
[caseA_0] seed 20260012 done (7/15) 401s
[caseA_0] seed 20260014 done (8/15) 459s
[caseA_0] seed 20260016 done (9/15) 517s
[caseA_0] seed 20260018 done (10/15) 574s
[caseA_0] seed 20260020 done (11/15) 631s
[caseA_0] seed 20260022 done (12/15) 688s
[caseA_0] seed 20260024 done (13/15) 745s
[caseA_0] seed 20260026 done (14/15) 805s
[caseA_0] seed 20260028 done (15/15) 863s
[frontier_0] seed 20260000 done (1/5) 157s
[frontier_0] seed 20260002 done (2/5) 327s
[frontier_0] seed 20260004 done (3/5) 495s
[frontier_0] seed 20260006 done (4/5) 659s
[frontier_0] seed 20260008 done (5/5) 814s
[ablation_0] seed 20260000 done (1/5) 76s
[ablation_0] seed 20260002 done (2/5) 153s
[ablation_0] seed 20260004 done (3/5) 230s
[ablation_0] seed 20260006 done (4/5) 317s
[ablation_0] seed 20260008 done (5/5) 400s
[caseC_0] seed 20260000 done (1/15) 57s
[caseC_0] seed 20260002 done (2/15) 116s
[caseC_0] seed 20260004 done (3/15) 174s
[caseC_0] seed 20260006 done (4/15) 231s
[caseC_0] seed 20260008 done (5/15) 289s
[caseC_0] seed 20260010 done (6/15) 345s
[caseC_0] seed 20260012 done (7/15) 404s
[caseC_0] seed 20260014 done (8/15) 460s
[caseC_0] seed 20260016 done (9/15) 518s
[caseC_0] seed 20260018 done (10/15) 575s
[caseC_0] seed 20260020 done (11/15) 633s
[caseC_0] seed 20260022 done (12/15) 692s
[caseC_0] seed 20260024 done (13/15) 750s
[caseC_0] seed 20260026 done (14/15) 811s
[caseC_0] seed 20260028 done (15/15) 870s
[stress_0.0] seed 20260000 done (1/10) 29s
[stress_0.0] seed 20260001 done (2/10) 59s
[stress_0.0] seed 20260002 done (3/10) 88s
[stress_0.0] seed 20260003 done (4/10) 117s
[stress_0.0] seed 20260004 done (5/10) 147s
[stress_0.0] seed 20260005 done (6/10) 176s
[stress_0.0] seed 20260006 done (7/10) 206s
[stress_0.0] seed 20260007 done (8/10) 236s
[stress_0.0] seed 20260008 done (9/10) 266s
[stress_0.0] seed 20260009 done (10/10) 296s
[stress_2.0] seed 20260000 done (1/10) 32s
[stress_2.0] seed 20260001 done (2/10) 72s
[stress_2.0] seed 20260002 done (3/10) 102s
[stress_2.0] seed 20260003 done (4/10) 132s
[stress_2.0] seed 20260004 done (5/10) 164s
[stress_2.0] seed 20260005 done (6/10) 196s
[stress_2.0] seed 20260006 done (7/10) 226s
[stress_2.0] seed 20260007 done (8/10) 261s
[stress_2.0] seed 20260008 done (9/10) 291s
[stress_2.0] seed 20260009 done (10/10) 320s
DONE0
