[caseA_1] seed 20260001 done (1/15) 56s
[caseA_1] seed 20260003 done (2/15) 113s
[caseA_1] seed 20260005 done (3/15) 171s
[caseA_1] seed 20260007 done (4/15) 228s
[caseA_1] seed 20260009 done (5/15) 286s
[caseA_1] seed 20260011 done (6/15) 344s
[caseA_1] seed 20260013 done (7/15) 405s
[caseA_1] seed 20260015 done (8/15) 466s
[caseA_1] seed 20260017 done (9/15) 522s
[caseA_1] seed 20260019 done (10/15) 580s
[caseA_1] seed 20260021 done (11/15) 636s
[caseA_1] seed 20260023 done (12/15) 692s
[caseA_1] seed 20260025 done (13/15) 750s
[caseA_1] seed 20260027 done (14/15) 807s
[caseA_1] seed 20260029 done (15/15) 864s
[frontier_1] seed 20260001 done (1/5) 156s
[frontier_1] seed 20260003 done (2/5) 321s
[frontier_1] seed 20260005 done (3/5) 504s
[frontier_1] seed 20260007 done (4/5) 677s
[frontier_1] seed 20260009 done (5/5) 838s
[ablation_1] seed 20260001 done (1/5) 73s
[ablation_1] seed 20260003 done (2/5) 150s
[ablation_1] seed 20260005 done (3/5) 227s
[ablation_1] seed 20260007 done (4/5) 317s
[ablation_1] seed 20260009 done (5/5) 398s
[caseC_1] seed 20260001 done (1/15) 58s
[caseC_1] seed 20260003 done (2/15) 116s
[caseC_1] seed 20260005 done (3/15) 172s
[caseC_1] seed 20260007 done (4/15) 227s
[caseC_1] seed 20260009 done (5/15) 285s
[caseC_1] seed 20260011 done (6/15) 344s
[caseC_1] seed 20260013 done (7/15) 400s
[caseC_1] seed 20260015 done (8/15) 455s
[caseC_1] seed 20260017 done (9/15) 511s
[caseC_1] seed 20260019 done (10/15) 568s
[caseC_1] seed 20260021 done (11/15) 626s
[caseC_1] seed 20260023 done (12/15) 685s
[caseC_1] seed 20260025 done (13/15) 743s
[caseC_1] seed 20260027 done (14/15) 803s
[caseC_1] seed 20260029 done (15/15) 861s
[stress_0.5] seed 20260000 done (1/10) 29s
[stress_0.5] seed 20260001 done (2/10) 58s
[stress_0.5] seed 20260002 done (3/10) 86s
[stress_0.5] seed 20260003 done (4/10) 115s
[stress_0.5] seed 20260004 done (5/10) 145s
[stress_0.5] seed 20260005 done (6/10) 174s
[stress_0.5] seed 20260006 done (7/10) 203s
[stress_0.5] seed 20260007 done (8/10) 232s
[stress_0.5] seed 20260008 done (9/10) 260s
[stress_0.5] seed 20260009 done (10/10) 291s
[stress_3.0] seed 20260000 done (1/10) 30s
[stress_3.0] seed 20260001 done (2/10) 71s
[stress_3.0] seed 20260002 done (3/10) 104s
[stress_3.0] seed 20260003 done (4/10) 137s
[stress_3.0] seed 20260004 done (5/10) 168s
[stress_3.0] seed 20260005 done (6/10) 200s
[stress_3.0] seed 20260006 done (7/10) 236s
[stress_3.0] seed 20260007 done (8/10) 272s
[stress_3.0] seed 20260008 done (9/10) 306s
[stress_3.0] seed 20260009 done (10/10) 338s
[stress_1.0] seed 20260000 done (1/10) 29s
[stress_1.0] seed 20260001 done (2/10) 58s
[stress_1.0] seed 20260002 done (3/10) 87s
[stress_1.0] seed 20260003 done (4/10) 116s
[stress_1.0] seed 20260004 done (5/10) 145s
[stress_1.0] seed 20260005 done (6/10) 174s
[stress_1.0] seed 20260006 done (7/10) 204s
[stress_1.0] seed 20260007 done (8/10) 233s
[stress_1.0] seed 20260008 done (9/10) 262s
[stress_1.0] seed 20260009 done (10/10) 291s
DONE1
